PSCBS v0.68.0 (2025-04-18 19:40:02 UTC) successfully loaded. See ?PSCBS for help.
Warning message:
package ‘data.table’ was built under R version 4.5.2 
    chromosome tcnId  dhId  tcnStart    tcnEnd tcnNbrOfLoci  tcnMean
         <int> <int> <int>     <num>     <num>        <int>    <num>
 1:          1     1     1    742429   6303662          614 2.180300
 2:          1     2     1   6303662   8628441          225 1.925100
 3:          1     3     1   8628441   8925634           18 2.795700
 4:          1     4     1   8925634  19970286         1092 1.862100
 5:          1     5     1  19970286  23099836          267 2.237300
 6:          1     6     1  23099836  48066694         1705 1.882100
 7:          1     7     1  48066694  51673809          124 2.237000
 8:          1     8     1  51673809  53106186           85 1.812343
 9:          1     8     2  53106186  53183561            5 1.505013
10:          1     8     3  53183561  84112174         3148 1.833610
11:          1     9     1  84112174  84985338           59 2.546700
12:          1    10     1  84985338  94361461          808 1.823900
13:          1    11     1  94361461  94722465           30 2.769300
14:          1    12     1  94722465 103429534          669 1.878500
15:          1    13     1 103429534 107512618          236 1.436500
16:          1    14     1 107512618 120879972         1229 1.839400
17:          1    15     1 120879972 120992603            8 2.366200
18:          1     1     1 142693888 145208103           37 1.817091
19:          1     1     2 145208103 145609488           53 1.752791
20:          1     1     3 145609488 148475025           34 1.909182
21:          1     2     1 148475025 148959908           14 2.632700
22:          1     3     1 148959908 150723020           86 1.879126
23:          1     3     2 150723020 151419023           14 2.107687
24:          1     3     3 151419023 152633056           93 1.892818
25:          1     3     4 152633056 152927732            5 2.357142
26:          1     3     5 152927732 154325359           97 1.801116
27:          1     3     6 154325359 155737406           80 1.976587
28:          1     3     7 155737406 184818935         3381 1.800271
29:          1     4     1 184818935 192694312          579 2.144380
30:          1     4     2 192694312 194148890           18 2.232923
31:          1     4     3 194148890 199303423          477 2.165060
32:          1     4     4 199303423 201598866          242 2.130021
33:          1     5     1 201598866 203336586          284 2.813300
34:          1     6     1 203336586 203563202           20 2.297756
35:          1     6     2 203563202 204732940           46 2.472553
36:          1     6     3 204732940 207410338          325 2.431421
37:          1     6     4 207410338 209526812          279 2.401555
38:          1     6     5 209526812 210388956           41 2.352978
39:          1     7     1 210388956 210558270           16 2.754165
40:          1     7     2 210558270 210912874           44 3.381153
41:          1     7     3 210912874 215352750          500 2.971014
42:          1     7     4 215352750 216001500           66 2.628007
43:          1     8     1 216001500 219514480          281 3.301000
44:          1     9     1 219514480 221214486          208 3.748300
45:          1    10     1 221214486 221594638           52 3.265800
46:          1    11     1 221594638 221711542            4 2.233013
47:          1    11     2 221711542 232977664         1423 2.079213
48:          1    11     3 232977664 233338600           19 2.159721
49:          1    12     1 233338600 240168978          885 2.459100
50:          1    13     1 240168978 240996506          148 3.020061
51:          1    13     2 240996506 247135233          524 2.853612
    chromosome tcnId  dhId  tcnStart    tcnEnd tcnNbrOfLoci  tcnMean
         <int> <int> <int>     <num>     <num>        <int>    <num>
    tcnNbrOfSNPs tcnNbrOfHets   dhStart     dhEnd dhNbrOfLoci dhMean    c1Mean
           <int>        <int>     <num>     <num>       <int>  <num>     <num>
 1:          614          614    742429   6303662         614 0.0764 1.0068625
 2:          225          225   6303662   8628441         225 0.2094 0.7609920
 3:           18           18   8628441   8925634          18 0.4199 0.8108928
 4:         1092         1092   8925634  19970286        1092 0.2015 0.7434434
 5:          267          267  19970286  23099836         267 0.0740 1.0358699
 6:         1705         1705  23099836  48066694        1705 0.2012 0.7517107
 7:          124          124  48066694  51673809         124 0.0727 1.0371851
 8:           85           85  51673809  53106186          85 0.2020 0.7231249
 9:            5            5  53106186  53183561           5 0.5472 0.3407349
10:         3148         3148  53183561  84112174        3148 0.2152 0.7195085
11:           59           59  84112174  84985338          59 0.4116 0.7492391
12:          808          808  84985338  94361461         808 0.2144 0.7164279
13:           30           30  94361461  94722465          30 0.4477 0.7647422
14:          669          669  94722465 103429534         669 0.2149 0.7374052
15:          236          236 103429534 107512618         236 0.1006 0.6459940
16:         1229         1229 107512618 120879972        1229 0.1957 0.7397147
17:            8            8 120879972 120992603           8 0.0780 1.0908182
18:           37           37 142693888 145208103          37 0.3849 0.5588464
19:           53           53 145208103 145609488          53 0.6850 0.2760646
20:           34           34 145609488 148475025          34 0.3816 0.5903190
21:           14           14 148475025 148959908          14 0.6041 0.5211430
22:           86           86 148959908 150723020          86 0.5593 0.4140654
23:           14           14 150723020 151419023          14 0.0392 1.0125326
24:           93           93 151419023 152633056          93 0.6433 0.3375841
25:            5            5 152633056 152927732           5 0.0756 1.0894710
26:           97           97 152927732 154325359          97 0.6477 0.3172666
27:           80           80 154325359 155737406          80 0.4467 0.5468227
28:         3381         3381 155737406 184818935        3381 0.6406 0.3235087
29:          579          579 184818935 192694312         579 0.6663 0.3577898
30:           18           18 192694312 194148890          18 0.1836 0.9114791
31:          477          477 194148890 199303423         477 0.6965 0.3285478
32:          242          242 199303423 201598866         242 0.5763 0.4512450
33:          284          284 201598866 203336586         284 0.1982 1.1278520
34:           20           20 203336586 203563202          20 0.3962 0.6936924
35:           46           46 203563202 204732940          46 0.2479 0.9298037
36:          325          325 204732940 207410338         325 0.3779 0.7562934
37:          279          279 207410338 209526812         279 0.6822 0.3816070
38:           41           41 209526812 210388956          41 0.4781 0.6140096
39:           16           16 210388956 210558270          16 0.6663 0.4595325
40:           44           44 210558270 210912874          44 0.1641 1.4131529
41:          500          500 210912874 215352750         500 0.0797 1.3671122
42:           66           66 215352750 216001500          66 0.1431 1.1259695
43:          281          281 216001500 219514480         281 0.1088 1.4709256
44:          208          208 219514480 221214486         208 0.0994 1.6878595
45:           52           52 221214486 221594638          52 0.0787 1.5043908
46:            4            4 221594638 221711542           4 0.0663 1.0424822
47:         1423         1423 221711542 232977664        1423 0.6514 0.3624068
48:           19           19 232977664 233338600          19 0.4049 0.6426249
49:          885          885 233338600 240168978         885 0.3973 0.7410498
50:          148          148 240168978 240996506         148 0.2938 1.0663837
51:          524          524 240996506 247135233         524 0.2298 1.0989261
    tcnNbrOfSNPs tcnNbrOfHets   dhStart     dhEnd dhNbrOfLoci dhMean    c1Mean
           <int>        <int>     <num>     <num>       <int>  <num>     <num>
      c2Mean sequence
       <num>    <int>
 1: 1.173437        1
 2: 1.164108        1
 3: 1.984807        1
 4: 1.118657        1
 5: 1.201430        1
 6: 1.130389        1
 7: 1.199815        1
 8: 1.089218        1
 9: 1.164278        1
10: 1.114101        1
11: 1.797461        1
12: 1.107472        1
13: 2.004558        1
14: 1.141095        1
15: 0.790506        1
16: 1.099685        1
17: 1.275382        1
18: 1.258245        2
19: 1.476726        2
20: 1.318863        2
21: 2.111557        2
22: 1.465061        2
23: 1.095154        2
24: 1.555234        2
25: 1.267671        2
26: 1.483850        2
27: 1.429764        2
28: 1.476763        2
29: 1.786590        2
30: 1.321444        2
31: 1.836512        2
32: 1.678776        2
33: 1.685448        2
34: 1.604063        2
35: 1.542750        2
36: 1.675127        2
37: 2.019948        2
38: 1.738968        2
39: 2.294633        2
40: 1.968000        2
41: 1.603902        2
42: 1.502037        2
43: 1.830074        2
44: 2.060441        2
45: 1.761409        2
46: 1.190531        2
47: 1.716806        2
48: 1.517096        2
49: 1.718050        2
50: 1.953678        2
51: 1.754686        2
      c2Mean sequence
       <num>    <int>
