Warning message:
package ‘Rcpp’ was built under R version 4.5.2 
Warning message:
package ‘data.table’ was built under R version 4.5.2 
Warning message:
package ‘ggplot2’ was built under R version 4.5.2 
    model states components parameters log_likelihood       BIC  runs converged
   <char>  <int>      <int>      <int>          <num>     <num> <int>    <lgcl>
1:     G2      2          2          7       7410.531 -14751.50    14      TRUE
2:    M21      2          3         10      10436.225 -20773.07    78      TRUE
3:   M221      3          5         20      12508.295 -24817.83   181      TRUE
4:     G3      3          3         14      10438.681 -20738.23  4009      TRUE
5:     G5      5          5         34      12517.423 -24696.96  9123      TRUE
   relative_gain floor_hits minimum_transition
           <num>      <int>              <num>
1:  3.787773e-10          0       5.402230e-04
2:  6.962022e-09          0       3.556520e-03
3:  5.358567e-09          0       1.211184e-03
4:  6.953446e-09          0       1.420234e-03
5:  8.162187e-09          0       1.294036e-07
     model state component    weight      mean         sd self_transition
    <char> <int>     <int>     <num>     <num>      <num>           <num>
 1:     G2     1         1 1.0000000 0.4969881 0.10938206       0.9994598
 2:     G2     2         1 1.0000000 0.4922311 0.32167805       0.9991913
 3:    M21     1         1 0.5015332 0.1851766 0.10801225       0.9942825
 4:    M21     1         2 0.4984668 0.8014452 0.11283778       0.9942825
 5:    M21     2         1 1.0000000 0.4967735 0.11044822       0.9964435
 6:   M221     1         1 0.5048930 0.1852575 0.10770294       0.9880014
 7:   M221     1         2 0.4951070 0.8054371 0.10793839       0.9880014
 8:   M221     2         1 0.5004633 0.3917009 0.05690399       0.9975167
 9:   M221     2         2 0.4995367 0.6012559 0.05650473       0.9975167
10:   M221     3         1 1.0000000 0.4984568 0.05444229       0.9631408
11:     G3     1         1 1.0000000 0.1852876 0.10800486       0.5022727
12:     G3     2         1 1.0000000 0.4968539 0.11042426       0.9966071
13:     G3     3         1 1.0000000 0.8010116 0.11330381       0.5026111
14:     G5     1         1 1.0000000 0.1852659 0.10761890       0.5024601
15:     G5     2         1 1.0000000 0.3918050 0.05683626       0.5008487
16:     G5     3         1 1.0000000 0.6011583 0.05651077       0.5018813
17:     G5     4         1 1.0000000 0.4985031 0.05419042       0.9641818
18:     G5     5         1 1.0000000 0.8048693 0.10848557       0.4947571
    occupancy
        <num>
 1: 0.5996108
 2: 0.4003892
 3: 0.3834545
 4: 0.3834545
 5: 0.6165455
 6: 0.3827208
 7: 0.3827208
 8: 0.4923772
 9: 0.4923772
10: 0.1249020
11: 0.1925389
12: 0.6160471
13: 0.1914140
14: 0.1933325
15: 0.2467065
16: 0.2461364
17: 0.1238722
18: 0.1899524
